warning: use of deprecated function `diesel::dsl::any`: Use `ExpressionMethods::eq_any` instead
  --> tests/fail/any_is_only_selectable_if_inner_expr_is_selectable.rs:30:34
   |
30 |     let _ = stuff.filter(name.eq(any(more_stuff::names)))
   |                                  ^^^
   |
   = note: `#[warn(deprecated)]` on by default

error[E0277]: the trait bound `stuff::table: AppearsInFromClause<more_stuff::table>` is not satisfied
  --> tests/fail/any_is_only_selectable_if_inner_expr_is_selectable.rs:31:10
   |
31 |         .load(&mut conn);
   |          ^^^^ the trait `AppearsInFromClause<more_stuff::table>` is not implemented for `stuff::table`
   |
   = help: the following implementations were found:
             <stuff::table as AppearsInFromClause<stuff::table>>
   = note: required because of the requirements on the impl of `AppearsOnTable<stuff::table>` for `more_stuff::columns::names`
   = note: 3 redundant requirements hidden
   = note: required because of the requirements on the impl of `AppearsOnTable<stuff::table>` for `diesel::expression::grouped::Grouped<diesel::expression::operators::Eq<stuff::columns::name, diesel::pg::expression::array_comparison::Any<more_stuff::columns::names>>>`
   = note: required because of the requirements on the impl of `diesel::query_builder::where_clause::ValidWhereClause<FromClause<stuff::table>>` for `diesel::query_builder::where_clause::WhereClause<diesel::expression::grouped::Grouped<diesel::expression::operators::Eq<stuff::columns::name, diesel::pg::expression::array_comparison::Any<more_stuff::columns::names>>>>`
   = note: required because of the requirements on the impl of `Query` for `SelectStatement<FromClause<stuff::table>, diesel::query_builder::select_clause::DefaultSelectClause<FromClause<stuff::table>>, diesel::query_builder::distinct_clause::NoDistinctClause, diesel::query_builder::where_clause::WhereClause<diesel::expression::grouped::Grouped<diesel::expression::operators::Eq<stuff::columns::name, diesel::pg::expression::array_comparison::Any<more_stuff::columns::names>>>>>`
   = note: required because of the requirements on the impl of `LoadQuery<'_, _, _>` for `SelectStatement<FromClause<stuff::table>, diesel::query_builder::select_clause::DefaultSelectClause<FromClause<stuff::table>>, diesel::query_builder::distinct_clause::NoDistinctClause, diesel::query_builder::where_clause::WhereClause<diesel::expression::grouped::Grouped<diesel::expression::operators::Eq<stuff::columns::name, diesel::pg::expression::array_comparison::Any<more_stuff::columns::names>>>>>`
