error[E0277]: the trait bound `users::table: AppearsInFromClause<posts::table>` is not satisfied
  --> tests/fail/boxed_queries_require_selectable_expression_for_order.rs:21:37
   |
21 |     users::table.into_boxed::<Pg>().order(posts::title.desc());
   |                                     ^^^^^ the trait `AppearsInFromClause<posts::table>` is not implemented for `users::table`
   |
   = help: the following implementations were found:
             <users::table as AppearsInFromClause<users::table>>
   = note: required because of the requirements on the impl of `AppearsInFromClause<posts::table>` for `FromClause<users::table>`
   = note: required because of the requirements on the impl of `AppearsOnTable<FromClause<users::table>>` for `posts::columns::title`
   = note: 1 redundant requirements hidden
   = note: required because of the requirements on the impl of `AppearsOnTable<FromClause<users::table>>` for `diesel::expression::operators::Desc<posts::columns::title>`
   = note: required because of the requirements on the impl of `OrderDsl<diesel::expression::operators::Desc<posts::columns::title>>` for `BoxedSelectStatement<'_, (diesel::sql_types::Integer, diesel::sql_types::Text), FromClause<users::table>, Pg>`
