error[E0277]: the trait bound `users::table: AppearsInFromClause<posts::table>` is not satisfied
  --> tests/fail/boxed_queries_require_selectable_expression_for_filter.rs:21:37
   |
21 |     users::table.into_boxed::<Pg>().filter(posts::title.eq("Hello"));
   |                                     ^^^^^^ the trait `AppearsInFromClause<posts::table>` is not implemented for `users::table`
   |
   = help: the following implementations were found:
             <users::table as AppearsInFromClause<users::table>>
   = note: required because of the requirements on the impl of `AppearsOnTable<users::table>` for `posts::columns::title`
   = note: 2 redundant requirements hidden
   = note: required because of the requirements on the impl of `AppearsOnTable<users::table>` for `diesel::expression::grouped::Grouped<diesel::expression::operators::Eq<posts::columns::title, diesel::internal::derives::as_expression::Bound<diesel::sql_types::Text, &str>>>`
   = note: required because of the requirements on the impl of `FilterDsl<diesel::expression::grouped::Grouped<diesel::expression::operators::Eq<posts::columns::title, diesel::internal::derives::as_expression::Bound<diesel::sql_types::Text, &str>>>>` for `BoxedSelectStatement<'_, (diesel::sql_types::Integer, diesel::sql_types::Text), FromClause<users::table>, Pg>`
