error[E0271]: type mismatch resolving `<users::table as AppearsInFromClause<posts::table>>::Count == diesel::query_source::Once`
  --> tests/fail/filter_cannot_take_comparison_for_columns_from_another_table.rs:32:10
   |
32 |         .load::<User>(&mut conn);
   |          ^^^^ expected struct `diesel::query_source::Never`, found struct `diesel::query_source::Once`
   |
   = note: required because of the requirements on the impl of `AppearsOnTable<users::table>` for `posts::columns::id`
   = note: 2 redundant requirements hidden
   = note: required because of the requirements on the impl of `AppearsOnTable<users::table>` for `diesel::expression::grouped::Grouped<diesel::expression::operators::Eq<posts::columns::id, diesel::internal::derives::as_expression::Bound<diesel::sql_types::Integer, i32>>>`
   = note: required because of the requirements on the impl of `diesel::query_builder::where_clause::ValidWhereClause<FromClause<users::table>>` for `diesel::query_builder::where_clause::WhereClause<diesel::expression::grouped::Grouped<diesel::expression::operators::Eq<posts::columns::id, diesel::internal::derives::as_expression::Bound<diesel::sql_types::Integer, i32>>>>`
   = note: required because of the requirements on the impl of `Query` for `SelectStatement<FromClause<users::table>, diesel::query_builder::select_clause::DefaultSelectClause<FromClause<users::table>>, diesel::query_builder::distinct_clause::NoDistinctClause, diesel::query_builder::where_clause::WhereClause<diesel::expression::grouped::Grouped<diesel::expression::operators::Eq<posts::columns::id, diesel::internal::derives::as_expression::Bound<diesel::sql_types::Integer, i32>>>>>`
   = note: required because of the requirements on the impl of `LoadQuery<'_, _, User>` for `SelectStatement<FromClause<users::table>, diesel::query_builder::select_clause::DefaultSelectClause<FromClause<users::table>>, diesel::query_builder::distinct_clause::NoDistinctClause, diesel::query_builder::where_clause::WhereClause<diesel::expression::grouped::Grouped<diesel::expression::operators::Eq<posts::columns::id, diesel::internal::derives::as_expression::Bound<diesel::sql_types::Integer, i32>>>>>`

error[E0271]: type mismatch resolving `<users::table as AppearsInFromClause<posts::table>>::Count == diesel::query_source::Once`
  --> tests/fail/filter_cannot_take_comparison_for_columns_from_another_table.rs:36:10
   |
36 |         .filter(posts::id.eq(1));
   |          ^^^^^^ expected struct `diesel::query_source::Never`, found struct `diesel::query_source::Once`
   |
   = note: required because of the requirements on the impl of `AppearsOnTable<users::table>` for `posts::columns::id`
   = note: 2 redundant requirements hidden
   = note: required because of the requirements on the impl of `AppearsOnTable<users::table>` for `diesel::expression::grouped::Grouped<diesel::expression::operators::Eq<posts::columns::id, diesel::internal::derives::as_expression::Bound<diesel::sql_types::Integer, i32>>>`
   = note: required because of the requirements on the impl of `FilterDsl<diesel::expression::grouped::Grouped<diesel::expression::operators::Eq<posts::columns::id, diesel::internal::derives::as_expression::Bound<diesel::sql_types::Integer, i32>>>>` for `BoxedSelectStatement<'_, (diesel::sql_types::Integer, diesel::sql_types::Text), FromClause<users::table>, Pg>`

error[E0277]: the trait bound `SelectStatement<FromClause<users::table>, diesel::query_builder::select_clause::DefaultSelectClause<FromClause<users::table>>, diesel::query_builder::distinct_clause::NoDistinctClause, diesel::query_builder::where_clause::WhereClause<diesel::expression::grouped::Grouped<diesel::expression::operators::Eq<posts::columns::id, diesel::internal::derives::as_expression::Bound<diesel::sql_types::Integer, i32>>>>>: BoxedDsl<'_, Pg>` is not satisfied
  --> tests/fail/filter_cannot_take_comparison_for_columns_from_another_table.rs:39:10
   |
39 |         .into_boxed::<Pg>();
   |          ^^^^^^^^^^ the trait `BoxedDsl<'_, Pg>` is not implemented for `SelectStatement<FromClause<users::table>, diesel::query_builder::select_clause::DefaultSelectClause<FromClause<users::table>>, diesel::query_builder::distinct_clause::NoDistinctClause, diesel::query_builder::where_clause::WhereClause<diesel::expression::grouped::Grouped<diesel::expression::operators::Eq<posts::columns::id, diesel::internal::derives::as_expression::Bound<diesel::sql_types::Integer, i32>>>>>`
   |
   = help: the following implementations were found:
             <SelectStatement<FromClause<F>, S, D, W, O, LOf, G, H> as BoxedDsl<'a, DB>>
             <SelectStatement<NoFromClause, S, D, W, O, LOf, G, H> as BoxedDsl<'a, DB>>

error[E0271]: type mismatch resolving `<users::table as AppearsInFromClause<posts::table>>::Count == diesel::query_source::Once`
  --> tests/fail/filter_cannot_take_comparison_for_columns_from_another_table.rs:43:10
   |
43 |         .load::<User>(&mut conn);
   |          ^^^^ expected struct `diesel::query_source::Never`, found struct `diesel::query_source::Once`
   |
   = note: required because of the requirements on the impl of `AppearsOnTable<users::table>` for `posts::columns::title`
   = note: 2 redundant requirements hidden
   = note: required because of the requirements on the impl of `AppearsOnTable<users::table>` for `diesel::expression::grouped::Grouped<diesel::expression::operators::Eq<users::columns::name, posts::columns::title>>`
   = note: required because of the requirements on the impl of `diesel::query_builder::where_clause::ValidWhereClause<FromClause<users::table>>` for `diesel::query_builder::where_clause::WhereClause<diesel::expression::grouped::Grouped<diesel::expression::operators::Eq<users::columns::name, posts::columns::title>>>`
   = note: required because of the requirements on the impl of `Query` for `SelectStatement<FromClause<users::table>, diesel::query_builder::select_clause::DefaultSelectClause<FromClause<users::table>>, diesel::query_builder::distinct_clause::NoDistinctClause, diesel::query_builder::where_clause::WhereClause<diesel::expression::grouped::Grouped<diesel::expression::operators::Eq<users::columns::name, posts::columns::title>>>>`
   = note: required because of the requirements on the impl of `LoadQuery<'_, _, User>` for `SelectStatement<FromClause<users::table>, diesel::query_builder::select_clause::DefaultSelectClause<FromClause<users::table>>, diesel::query_builder::distinct_clause::NoDistinctClause, diesel::query_builder::where_clause::WhereClause<diesel::expression::grouped::Grouped<diesel::expression::operators::Eq<users::columns::name, posts::columns::title>>>>`

error[E0271]: type mismatch resolving `<users::table as AppearsInFromClause<posts::table>>::Count == diesel::query_source::Once`
  --> tests/fail/filter_cannot_take_comparison_for_columns_from_another_table.rs:47:10
   |
47 |         .filter(users::name.eq(posts::title));
   |          ^^^^^^ expected struct `diesel::query_source::Never`, found struct `diesel::query_source::Once`
   |
   = note: required because of the requirements on the impl of `AppearsOnTable<users::table>` for `posts::columns::title`
   = note: 2 redundant requirements hidden
   = note: required because of the requirements on the impl of `AppearsOnTable<users::table>` for `diesel::expression::grouped::Grouped<diesel::expression::operators::Eq<users::columns::name, posts::columns::title>>`
   = note: required because of the requirements on the impl of `FilterDsl<diesel::expression::grouped::Grouped<diesel::expression::operators::Eq<users::columns::name, posts::columns::title>>>` for `BoxedSelectStatement<'_, (diesel::sql_types::Integer, diesel::sql_types::Text), FromClause<users::table>, Pg>`

error[E0277]: the trait bound `SelectStatement<FromClause<users::table>, diesel::query_builder::select_clause::DefaultSelectClause<FromClause<users::table>>, diesel::query_builder::distinct_clause::NoDistinctClause, diesel::query_builder::where_clause::WhereClause<diesel::expression::grouped::Grouped<diesel::expression::operators::Eq<users::columns::name, posts::columns::title>>>>: BoxedDsl<'_, Pg>` is not satisfied
  --> tests/fail/filter_cannot_take_comparison_for_columns_from_another_table.rs:51:10
   |
51 |         .into_boxed::<Pg>();
   |          ^^^^^^^^^^ the trait `BoxedDsl<'_, Pg>` is not implemented for `SelectStatement<FromClause<users::table>, diesel::query_builder::select_clause::DefaultSelectClause<FromClause<users::table>>, diesel::query_builder::distinct_clause::NoDistinctClause, diesel::query_builder::where_clause::WhereClause<diesel::expression::grouped::Grouped<diesel::expression::operators::Eq<users::columns::name, posts::columns::title>>>>`
   |
   = help: the following implementations were found:
             <SelectStatement<FromClause<F>, S, D, W, O, LOf, G, H> as BoxedDsl<'a, DB>>
             <SelectStatement<NoFromClause, S, D, W, O, LOf, G, H> as BoxedDsl<'a, DB>>
