error[E0277]: the trait bound `diesel::query_builder::returning_clause::ReturningClause<(columns::id, columns::name)>: QueryFragment<Sqlite, DoesNotSupportReturningClause>` is not satisfied
  --> tests/fail/insert_statement_does_not_support_returning_methods_on_sqlite.rs:29:10
   |
29 |         .get_result::<User>(&mut connection);
   |          ^^^^^^^^^^ the trait `QueryFragment<Sqlite, DoesNotSupportReturningClause>` is not implemented for `diesel::query_builder::returning_clause::ReturningClause<(columns::id, columns::name)>`
   |
   = help: the following implementations were found:
             <diesel::query_builder::returning_clause::ReturningClause<Expr> as QueryFragment<DB, PgLikeReturningClause>>
             <diesel::query_builder::returning_clause::ReturningClause<Expr> as QueryFragment<DB>>
   = note: required because of the requirements on the impl of `QueryFragment<Sqlite>` for `diesel::query_builder::returning_clause::ReturningClause<(columns::id, columns::name)>`
   = note: 1 redundant requirements hidden
   = note: required because of the requirements on the impl of `QueryFragment<Sqlite>` for `InsertStatement<users::table, diesel::query_builder::insert_statement::ValuesClause<(DefaultableColumnInsertValue<ColumnInsertValue<columns::name, diesel::internal::derives::as_expression::Bound<diesel::sql_types::Text, &std::string::String>>>,), users::table>, diesel::query_builder::insert_statement::private::Insert, diesel::query_builder::returning_clause::ReturningClause<(columns::id, columns::name)>>`
   = note: required because of the requirements on the impl of `LoadQuery<'_, SqliteConnection, User>` for `InsertStatement<users::table, diesel::query_builder::insert_statement::ValuesClause<(DefaultableColumnInsertValue<ColumnInsertValue<columns::name, diesel::internal::derives::as_expression::Bound<diesel::sql_types::Text, &std::string::String>>>,), users::table>>`

error[E0277]: the trait bound `diesel::query_builder::returning_clause::ReturningClause<columns::name>: QueryFragment<Sqlite, DoesNotSupportReturningClause>` is not satisfied
  --> tests/fail/insert_statement_does_not_support_returning_methods_on_sqlite.rs:34:10
   |
34 |         .get_result::<String>(&mut connection);
   |          ^^^^^^^^^^ the trait `QueryFragment<Sqlite, DoesNotSupportReturningClause>` is not implemented for `diesel::query_builder::returning_clause::ReturningClause<columns::name>`
   |
   = help: the following implementations were found:
             <diesel::query_builder::returning_clause::ReturningClause<Expr> as QueryFragment<DB, PgLikeReturningClause>>
             <diesel::query_builder::returning_clause::ReturningClause<Expr> as QueryFragment<DB>>
   = note: required because of the requirements on the impl of `QueryFragment<Sqlite>` for `diesel::query_builder::returning_clause::ReturningClause<columns::name>`
   = note: 1 redundant requirements hidden
   = note: required because of the requirements on the impl of `QueryFragment<Sqlite>` for `InsertStatement<users::table, diesel::query_builder::insert_statement::ValuesClause<(DefaultableColumnInsertValue<ColumnInsertValue<columns::name, diesel::internal::derives::as_expression::Bound<diesel::sql_types::Text, &std::string::String>>>,), users::table>, diesel::query_builder::insert_statement::private::Insert, diesel::query_builder::returning_clause::ReturningClause<columns::name>>`
   = note: required because of the requirements on the impl of `LoadQuery<'_, SqliteConnection, std::string::String>` for `InsertStatement<users::table, diesel::query_builder::insert_statement::ValuesClause<(DefaultableColumnInsertValue<ColumnInsertValue<columns::name, diesel::internal::derives::as_expression::Bound<diesel::sql_types::Text, &std::string::String>>>,), users::table>, diesel::query_builder::insert_statement::private::Insert, diesel::query_builder::returning_clause::ReturningClause<columns::name>>`
