error[E0277]: the trait bound `diesel::query_builder::insert_statement::private::Replace: QueryFragment<Pg>` is not satisfied
  --> tests/fail/sqlite_upsert_cannot_be_used_on_pg.rs:21:10
   |
21 |         .execute(&mut connection);
   |          ^^^^^^^ the trait `QueryFragment<Pg>` is not implemented for `diesel::query_builder::insert_statement::private::Replace`
   |
   = help: the following implementations were found:
             <diesel::query_builder::insert_statement::private::Replace as QueryFragment<Mysql>>
             <diesel::query_builder::insert_statement::private::Replace as QueryFragment<Sqlite>>
   = note: required because of the requirements on the impl of `QueryFragment<Pg>` for `InsertStatement<users::table, diesel::query_builder::insert_statement::ValuesClause<(DefaultableColumnInsertValue<ColumnInsertValue<columns::id, diesel::internal::derives::as_expression::Bound<diesel::sql_types::Integer, &i32>>>,), users::table>, diesel::query_builder::insert_statement::private::Replace>`
   = note: required because of the requirements on the impl of `ExecuteDsl<diesel::PgConnection, Pg>` for `InsertStatement<users::table, diesel::query_builder::insert_statement::ValuesClause<(DefaultableColumnInsertValue<ColumnInsertValue<columns::id, diesel::internal::derives::as_expression::Bound<diesel::sql_types::Integer, &i32>>>,), users::table>, diesel::query_builder::insert_statement::private::Replace>`
