warning: use of deprecated function `diesel::dsl::any`: Use `ExpressionMethods::eq_any` instead
  --> tests/fail/subselect_cannot_reference_random_tables.rs:35:30
   |
35 |         .filter(users::id.eq(any(
   |                              ^^^
   |
   = note: `#[warn(deprecated)]` on by default

warning: use of deprecated function `diesel::dsl::any`: Use `ExpressionMethods::eq_any` instead
  --> tests/fail/subselect_cannot_reference_random_tables.rs:26:23
   |
26 |     use diesel::dsl::{any, exists};
   |                       ^^^

error[E0271]: type mismatch resolving `<diesel::query_source::joins::Join<posts::table, users::table, Inner> as AppearsInFromClause<comments::table>>::Count == diesel::query_source::Once`
  --> tests/fail/subselect_cannot_reference_random_tables.rs:32:10
   |
32 |         .load::<(i32,)>(&mut conn);
   |          ^^^^ expected struct `diesel::query_source::Never`, found struct `diesel::query_source::Once`
   |
   = note: required because of the requirements on the impl of `AppearsOnTable<diesel::query_source::joins::Join<posts::table, users::table, Inner>>` for `comments::columns::id`
   = note: 2 redundant requirements hidden
   = note: required because of the requirements on the impl of `AppearsOnTable<diesel::query_source::joins::Join<posts::table, users::table, Inner>>` for `diesel::expression::grouped::Grouped<diesel::expression::operators::Eq<comments::columns::id, diesel::internal::derives::as_expression::Bound<diesel::sql_types::Integer, i32>>>`
   = note: required because of the requirements on the impl of `diesel::query_builder::where_clause::ValidWhereClause<FromClause<diesel::query_source::joins::Join<posts::table, users::table, Inner>>>` for `diesel::query_builder::where_clause::WhereClause<diesel::expression::grouped::Grouped<diesel::expression::operators::Eq<comments::columns::id, diesel::internal::derives::as_expression::Bound<diesel::sql_types::Integer, i32>>>>`
   = note: required because of the requirements on the impl of `diesel::expression::subselect::ValidSubselect<users::table>` for `SelectStatement<FromClause<posts::table>, diesel::query_builder::select_clause::SelectClause<posts::columns::id>, diesel::query_builder::distinct_clause::NoDistinctClause, diesel::query_builder::where_clause::WhereClause<diesel::expression::grouped::Grouped<diesel::expression::operators::Eq<comments::columns::id, diesel::internal::derives::as_expression::Bound<diesel::sql_types::Integer, i32>>>>>`
   = note: 4 redundant requirements hidden
   = note: required because of the requirements on the impl of `diesel::query_builder::where_clause::ValidWhereClause<FromClause<users::table>>` for `diesel::query_builder::where_clause::WhereClause<diesel::expression::grouped::Grouped<diesel::expression::array_comparison::In<users::columns::id, diesel::expression::subselect::Subselect<SelectStatement<FromClause<posts::table>, diesel::query_builder::select_clause::SelectClause<posts::columns::id>, diesel::query_builder::distinct_clause::NoDistinctClause, diesel::query_builder::where_clause::WhereClause<diesel::expression::grouped::Grouped<diesel::expression::operators::Eq<comments::columns::id, diesel::internal::derives::as_expression::Bound<diesel::sql_types::Integer, i32>>>>>, diesel::sql_types::Integer>>>>`
   = note: required because of the requirements on the impl of `Query` for `SelectStatement<FromClause<users::table>, diesel::query_builder::select_clause::DefaultSelectClause<FromClause<users::table>>, diesel::query_builder::distinct_clause::NoDistinctClause, diesel::query_builder::where_clause::WhereClause<diesel::expression::grouped::Grouped<diesel::expression::array_comparison::In<users::columns::id, diesel::expression::subselect::Subselect<SelectStatement<FromClause<posts::table>, diesel::query_builder::select_clause::SelectClause<posts::columns::id>, diesel::query_builder::distinct_clause::NoDistinctClause, diesel::query_builder::where_clause::WhereClause<diesel::expression::grouped::Grouped<diesel::expression::operators::Eq<comments::columns::id, diesel::internal::derives::as_expression::Bound<diesel::sql_types::Integer, i32>>>>>, diesel::sql_types::Integer>>>>>`
   = note: required because of the requirements on the impl of `LoadQuery<'_, _, (i32,)>` for `SelectStatement<FromClause<users::table>, diesel::query_builder::select_clause::DefaultSelectClause<FromClause<users::table>>, diesel::query_builder::distinct_clause::NoDistinctClause, diesel::query_builder::where_clause::WhereClause<diesel::expression::grouped::Grouped<diesel::expression::array_comparison::In<users::columns::id, diesel::expression::subselect::Subselect<SelectStatement<FromClause<posts::table>, diesel::query_builder::select_clause::SelectClause<posts::columns::id>, diesel::query_builder::distinct_clause::NoDistinctClause, diesel::query_builder::where_clause::WhereClause<diesel::expression::grouped::Grouped<diesel::expression::operators::Eq<comments::columns::id, diesel::internal::derives::as_expression::Bound<diesel::sql_types::Integer, i32>>>>>, diesel::sql_types::Integer>>>>>`

error[E0271]: type mismatch resolving `<diesel::query_source::joins::Join<posts::table, users::table, Inner> as AppearsInFromClause<comments::table>>::Count == diesel::query_source::Once`
  --> tests/fail/subselect_cannot_reference_random_tables.rs:38:10
   |
38 |         .load::<(i32,)>(&mut conn);
   |          ^^^^ expected struct `diesel::query_source::Never`, found struct `diesel::query_source::Once`
   |
   = note: required because of the requirements on the impl of `AppearsOnTable<diesel::query_source::joins::Join<posts::table, users::table, Inner>>` for `comments::columns::id`
   = note: 2 redundant requirements hidden
   = note: required because of the requirements on the impl of `AppearsOnTable<diesel::query_source::joins::Join<posts::table, users::table, Inner>>` for `diesel::expression::grouped::Grouped<diesel::expression::operators::Eq<comments::columns::id, diesel::internal::derives::as_expression::Bound<diesel::sql_types::Integer, i32>>>`
   = note: required because of the requirements on the impl of `diesel::query_builder::where_clause::ValidWhereClause<FromClause<diesel::query_source::joins::Join<posts::table, users::table, Inner>>>` for `diesel::query_builder::where_clause::WhereClause<diesel::expression::grouped::Grouped<diesel::expression::operators::Eq<comments::columns::id, diesel::internal::derives::as_expression::Bound<diesel::sql_types::Integer, i32>>>>`
   = note: required because of the requirements on the impl of `diesel::expression::subselect::ValidSubselect<users::table>` for `SelectStatement<FromClause<posts::table>, diesel::query_builder::select_clause::SelectClause<posts::columns::id>, diesel::query_builder::distinct_clause::NoDistinctClause, diesel::query_builder::where_clause::WhereClause<diesel::expression::grouped::Grouped<diesel::expression::operators::Eq<comments::columns::id, diesel::internal::derives::as_expression::Bound<diesel::sql_types::Integer, i32>>>>>`
   = note: 5 redundant requirements hidden
   = note: required because of the requirements on the impl of `diesel::query_builder::where_clause::ValidWhereClause<FromClause<users::table>>` for `diesel::query_builder::where_clause::WhereClause<diesel::expression::grouped::Grouped<diesel::expression::operators::Eq<users::columns::id, diesel::pg::expression::array_comparison::Any<diesel::expression::subselect::Subselect<SelectStatement<FromClause<posts::table>, diesel::query_builder::select_clause::SelectClause<posts::columns::id>, diesel::query_builder::distinct_clause::NoDistinctClause, diesel::query_builder::where_clause::WhereClause<diesel::expression::grouped::Grouped<diesel::expression::operators::Eq<comments::columns::id, diesel::internal::derives::as_expression::Bound<diesel::sql_types::Integer, i32>>>>>, Array<diesel::sql_types::Integer>>>>>>`
   = note: required because of the requirements on the impl of `Query` for `SelectStatement<FromClause<users::table>, diesel::query_builder::select_clause::DefaultSelectClause<FromClause<users::table>>, diesel::query_builder::distinct_clause::NoDistinctClause, diesel::query_builder::where_clause::WhereClause<diesel::expression::grouped::Grouped<diesel::expression::operators::Eq<users::columns::id, diesel::pg::expression::array_comparison::Any<diesel::expression::subselect::Subselect<SelectStatement<FromClause<posts::table>, diesel::query_builder::select_clause::SelectClause<posts::columns::id>, diesel::query_builder::distinct_clause::NoDistinctClause, diesel::query_builder::where_clause::WhereClause<diesel::expression::grouped::Grouped<diesel::expression::operators::Eq<comments::columns::id, diesel::internal::derives::as_expression::Bound<diesel::sql_types::Integer, i32>>>>>, Array<diesel::sql_types::Integer>>>>>>>`
   = note: required because of the requirements on the impl of `LoadQuery<'_, _, (i32,)>` for `SelectStatement<FromClause<users::table>, diesel::query_builder::select_clause::DefaultSelectClause<FromClause<users::table>>, diesel::query_builder::distinct_clause::NoDistinctClause, diesel::query_builder::where_clause::WhereClause<diesel::expression::grouped::Grouped<diesel::expression::operators::Eq<users::columns::id, diesel::pg::expression::array_comparison::Any<diesel::expression::subselect::Subselect<SelectStatement<FromClause<posts::table>, diesel::query_builder::select_clause::SelectClause<posts::columns::id>, diesel::query_builder::distinct_clause::NoDistinctClause, diesel::query_builder::where_clause::WhereClause<diesel::expression::grouped::Grouped<diesel::expression::operators::Eq<comments::columns::id, diesel::internal::derives::as_expression::Bound<diesel::sql_types::Integer, i32>>>>>, Array<diesel::sql_types::Integer>>>>>>>`

error[E0271]: type mismatch resolving `<diesel::query_source::joins::Join<posts::table, users::table, Inner> as AppearsInFromClause<comments::table>>::Count == diesel::query_source::Once`
  --> tests/fail/subselect_cannot_reference_random_tables.rs:42:10
   |
42 |         .load::<(i32,)>(&mut conn);
   |          ^^^^ expected struct `diesel::query_source::Never`, found struct `diesel::query_source::Once`
   |
   = note: required because of the requirements on the impl of `AppearsOnTable<diesel::query_source::joins::Join<posts::table, users::table, Inner>>` for `comments::columns::id`
   = note: 2 redundant requirements hidden
   = note: required because of the requirements on the impl of `AppearsOnTable<diesel::query_source::joins::Join<posts::table, users::table, Inner>>` for `diesel::expression::grouped::Grouped<diesel::expression::operators::Eq<comments::columns::id, diesel::internal::derives::as_expression::Bound<diesel::sql_types::Integer, i32>>>`
   = note: required because of the requirements on the impl of `diesel::query_builder::where_clause::ValidWhereClause<FromClause<diesel::query_source::joins::Join<posts::table, users::table, Inner>>>` for `diesel::query_builder::where_clause::WhereClause<diesel::expression::grouped::Grouped<diesel::expression::operators::Eq<comments::columns::id, diesel::internal::derives::as_expression::Bound<diesel::sql_types::Integer, i32>>>>`
   = note: required because of the requirements on the impl of `diesel::expression::subselect::ValidSubselect<users::table>` for `SelectStatement<FromClause<posts::table>, diesel::query_builder::select_clause::DefaultSelectClause<FromClause<posts::table>>, diesel::query_builder::distinct_clause::NoDistinctClause, diesel::query_builder::where_clause::WhereClause<diesel::expression::grouped::Grouped<diesel::expression::operators::Eq<comments::columns::id, diesel::internal::derives::as_expression::Bound<diesel::sql_types::Integer, i32>>>>>`
   = note: 3 redundant requirements hidden
   = note: required because of the requirements on the impl of `diesel::query_builder::where_clause::ValidWhereClause<FromClause<users::table>>` for `diesel::query_builder::where_clause::WhereClause<diesel::expression::exists::Exists<SelectStatement<FromClause<posts::table>, diesel::query_builder::select_clause::DefaultSelectClause<FromClause<posts::table>>, diesel::query_builder::distinct_clause::NoDistinctClause, diesel::query_builder::where_clause::WhereClause<diesel::expression::grouped::Grouped<diesel::expression::operators::Eq<comments::columns::id, diesel::internal::derives::as_expression::Bound<diesel::sql_types::Integer, i32>>>>>>>`
   = note: required because of the requirements on the impl of `Query` for `SelectStatement<FromClause<users::table>, diesel::query_builder::select_clause::DefaultSelectClause<FromClause<users::table>>, diesel::query_builder::distinct_clause::NoDistinctClause, diesel::query_builder::where_clause::WhereClause<diesel::expression::exists::Exists<SelectStatement<FromClause<posts::table>, diesel::query_builder::select_clause::DefaultSelectClause<FromClause<posts::table>>, diesel::query_builder::distinct_clause::NoDistinctClause, diesel::query_builder::where_clause::WhereClause<diesel::expression::grouped::Grouped<diesel::expression::operators::Eq<comments::columns::id, diesel::internal::derives::as_expression::Bound<diesel::sql_types::Integer, i32>>>>>>>>`
   = note: required because of the requirements on the impl of `LoadQuery<'_, _, (i32,)>` for `SelectStatement<FromClause<users::table>, diesel::query_builder::select_clause::DefaultSelectClause<FromClause<users::table>>, diesel::query_builder::distinct_clause::NoDistinctClause, diesel::query_builder::where_clause::WhereClause<diesel::expression::exists::Exists<SelectStatement<FromClause<posts::table>, diesel::query_builder::select_clause::DefaultSelectClause<FromClause<posts::table>>, diesel::query_builder::distinct_clause::NoDistinctClause, diesel::query_builder::where_clause::WhereClause<diesel::expression::grouped::Grouped<diesel::expression::operators::Eq<comments::columns::id, diesel::internal::derives::as_expression::Bound<diesel::sql_types::Integer, i32>>>>>>>>`
