error[E0277]: the trait bound `SelectStatement<FromClause<users::table>, diesel::query_builder::select_clause::DefaultSelectClause<FromClause<users::table>>, diesel::query_builder::distinct_clause::NoDistinctClause, diesel::query_builder::where_clause::WhereClause<diesel::expression::grouped::Grouped<diesel::expression::operators::Eq<users::columns::id, diesel::internal::derives::as_expression::Bound<diesel::sql_types::Integer, i32>>>>>: diesel::expression::array_comparison::AsInExpression<diesel::sql_types::Integer>` is not satisfied
  --> tests/fail/subselect_requires_correct_type.rs:22:59
   |
22 |     let query = posts::table.filter(posts::user_id.eq_any(subquery));
   |                                                           ^^^^^^^^ the trait `diesel::expression::array_comparison::AsInExpression<diesel::sql_types::Integer>` is not implemented for `SelectStatement<FromClause<users::table>, diesel::query_builder::select_clause::DefaultSelectClause<FromClause<users::table>>, diesel::query_builder::distinct_clause::NoDistinctClause, diesel::query_builder::where_clause::WhereClause<diesel::expression::grouped::Grouped<diesel::expression::operators::Eq<users::columns::id, diesel::internal::derives::as_expression::Bound<diesel::sql_types::Integer, i32>>>>>`
   |
   = help: the following implementations were found:
             <SelectStatement<F, S, D, W, O, LOf, G, H, LC> as diesel::expression::array_comparison::AsInExpression<ST>>
