error[E0277]: the trait bound `diesel::query_builder::returning_clause::ReturningClause<(columns::id, columns::name)>: QueryFragment<Sqlite, DoesNotSupportReturningClause>` is not satisfied
  --> tests/fail/update_statement_does_not_support_returning_methods_on_sqlite.rs:18:10
   |
18 |         .get_result(&mut connection);
   |          ^^^^^^^^^^ the trait `QueryFragment<Sqlite, DoesNotSupportReturningClause>` is not implemented for `diesel::query_builder::returning_clause::ReturningClause<(columns::id, columns::name)>`
   |
   = help: the following implementations were found:
             <diesel::query_builder::returning_clause::ReturningClause<Expr> as QueryFragment<DB, PgLikeReturningClause>>
             <diesel::query_builder::returning_clause::ReturningClause<Expr> as QueryFragment<DB>>
   = note: required because of the requirements on the impl of `QueryFragment<Sqlite>` for `diesel::query_builder::returning_clause::ReturningClause<(columns::id, columns::name)>`
   = note: 1 redundant requirements hidden
   = note: required because of the requirements on the impl of `QueryFragment<Sqlite>` for `UpdateStatement<users::table, diesel::query_builder::where_clause::WhereClause<diesel::expression::grouped::Grouped<diesel::expression::operators::Eq<columns::id, diesel::internal::derives::as_expression::Bound<diesel::sql_types::Integer, i32>>>>, diesel::query_builder::update_statement::changeset::Assign<columns::name, diesel::internal::derives::as_expression::Bound<diesel::sql_types::Text, &str>>, diesel::query_builder::returning_clause::ReturningClause<(columns::id, columns::name)>>`
   = note: required because of the requirements on the impl of `LoadQuery<'_, diesel::SqliteConnection, _>` for `UpdateStatement<users::table, diesel::query_builder::where_clause::WhereClause<diesel::expression::grouped::Grouped<diesel::expression::operators::Eq<columns::id, diesel::internal::derives::as_expression::Bound<diesel::sql_types::Integer, i32>>>>, diesel::query_builder::update_statement::changeset::Assign<columns::name, diesel::internal::derives::as_expression::Bound<diesel::sql_types::Text, &str>>>`

error[E0277]: the trait bound `diesel::query_builder::returning_clause::ReturningClause<columns::name>: QueryFragment<Sqlite, DoesNotSupportReturningClause>` is not satisfied
  --> tests/fail/update_statement_does_not_support_returning_methods_on_sqlite.rs:23:10
   |
23 |         .get_result(&mut connection);
   |          ^^^^^^^^^^ the trait `QueryFragment<Sqlite, DoesNotSupportReturningClause>` is not implemented for `diesel::query_builder::returning_clause::ReturningClause<columns::name>`
   |
   = help: the following implementations were found:
             <diesel::query_builder::returning_clause::ReturningClause<Expr> as QueryFragment<DB, PgLikeReturningClause>>
             <diesel::query_builder::returning_clause::ReturningClause<Expr> as QueryFragment<DB>>
   = note: required because of the requirements on the impl of `QueryFragment<Sqlite>` for `diesel::query_builder::returning_clause::ReturningClause<columns::name>`
   = note: 1 redundant requirements hidden
   = note: required because of the requirements on the impl of `QueryFragment<Sqlite>` for `UpdateStatement<users::table, diesel::query_builder::where_clause::WhereClause<diesel::expression::grouped::Grouped<diesel::expression::operators::Eq<columns::id, diesel::internal::derives::as_expression::Bound<diesel::sql_types::Integer, i32>>>>, diesel::query_builder::update_statement::changeset::Assign<columns::name, diesel::internal::derives::as_expression::Bound<diesel::sql_types::Text, &str>>, diesel::query_builder::returning_clause::ReturningClause<columns::name>>`
   = note: required because of the requirements on the impl of `LoadQuery<'_, diesel::SqliteConnection, _>` for `UpdateStatement<users::table, diesel::query_builder::where_clause::WhereClause<diesel::expression::grouped::Grouped<diesel::expression::operators::Eq<columns::id, diesel::internal::derives::as_expression::Bound<diesel::sql_types::Integer, i32>>>>, diesel::query_builder::update_statement::changeset::Assign<columns::name, diesel::internal::derives::as_expression::Bound<diesel::sql_types::Text, &str>>, diesel::query_builder::returning_clause::ReturningClause<columns::name>>`
