error[E0277]: the trait bound `SelectStatement<FromClause<users::table>, diesel::query_builder::select_clause::DefaultSelectClause<FromClause<users::table>>, diesel::query_builder::distinct_clause::NoDistinctClause, diesel::query_builder::where_clause::WhereClause<diesel::expression::grouped::Grouped<diesel::expression::operators::Eq<posts::columns::id, diesel::internal::derives::as_expression::Bound<diesel::sql_types::Integer, i32>>>>>: IntoUpdateTarget` is not satisfied
  --> tests/fail/update_requires_valid_where_clause.rs:21:12
   |
21 |     update(users::table.filter(posts::id.eq(1)));
   |            ^^^^^^^^^^^^^^^^^^^^^^^^^^^^^^^^^^^^ the trait `IntoUpdateTarget` is not implemented for `SelectStatement<FromClause<users::table>, diesel::query_builder::select_clause::DefaultSelectClause<FromClause<users::table>>, diesel::query_builder::distinct_clause::NoDistinctClause, diesel::query_builder::where_clause::WhereClause<diesel::expression::grouped::Grouped<diesel::expression::operators::Eq<posts::columns::id, diesel::internal::derives::as_expression::Bound<diesel::sql_types::Integer, i32>>>>>`
   |
  ::: $DIESEL/src/query_builder/functions.rs
   |
   | pub fn update<T: IntoUpdateTarget>(source: T) -> UpdateStatement<T::Table, T::WhereClause> {
   |                  ---------------- required by this bound in `diesel::update`
   |
   = help: the following implementations were found:
             <SelectStatement<FromClause<F>, diesel::query_builder::select_clause::DefaultSelectClause<FromClause<F>>, diesel::query_builder::distinct_clause::NoDistinctClause, W> as IntoUpdateTarget>

error[E0277]: the trait bound `users::table: AppearsInFromClause<posts::table>` is not satisfied
  --> tests/fail/update_requires_valid_where_clause.rs:23:26
   |
23 |     update(users::table).filter(posts::id.eq(1));
   |                          ^^^^^^ the trait `AppearsInFromClause<posts::table>` is not implemented for `users::table`
   |
   = help: the following implementations were found:
             <users::table as AppearsInFromClause<users::table>>
   = note: required because of the requirements on the impl of `AppearsOnTable<users::table>` for `posts::columns::id`
   = note: 2 redundant requirements hidden
   = note: required because of the requirements on the impl of `AppearsOnTable<users::table>` for `diesel::expression::grouped::Grouped<diesel::expression::operators::Eq<posts::columns::id, diesel::internal::derives::as_expression::Bound<diesel::sql_types::Integer, i32>>>`
   = note: required because of the requirements on the impl of `FilterDsl<diesel::expression::grouped::Grouped<diesel::expression::operators::Eq<posts::columns::id, diesel::internal::derives::as_expression::Bound<diesel::sql_types::Integer, i32>>>>` for `UpdateStatement<users::table, diesel::query_builder::where_clause::NoWhereClause>`

error[E0277]: the trait bound `users::table: AppearsInFromClause<posts::table>` is not satisfied
  --> tests/fail/update_requires_valid_where_clause.rs:26:10
   |
26 |         .filter(posts::id.eq(1));
   |          ^^^^^^ the trait `AppearsInFromClause<posts::table>` is not implemented for `users::table`
   |
   = help: the following implementations were found:
             <users::table as AppearsInFromClause<users::table>>
   = note: required because of the requirements on the impl of `AppearsOnTable<users::table>` for `posts::columns::id`
   = note: 2 redundant requirements hidden
   = note: required because of the requirements on the impl of `AppearsOnTable<users::table>` for `diesel::expression::grouped::Grouped<diesel::expression::operators::Eq<posts::columns::id, diesel::internal::derives::as_expression::Bound<diesel::sql_types::Integer, i32>>>`
   = note: required because of the requirements on the impl of `FilterDsl<diesel::expression::grouped::Grouped<diesel::expression::operators::Eq<posts::columns::id, diesel::internal::derives::as_expression::Bound<diesel::sql_types::Integer, i32>>>>` for `UpdateStatement<users::table, diesel::query_builder::where_clause::NoWhereClause, diesel::query_builder::update_statement::changeset::Assign<users::columns::id, diesel::internal::derives::as_expression::Bound<diesel::sql_types::Integer, i32>>>`

error[E0277]: the trait bound `SelectStatement<FromClause<users::table>, diesel::query_builder::select_clause::DefaultSelectClause<FromClause<users::table>>, diesel::query_builder::distinct_clause::NoDistinctClause, diesel::query_builder::where_clause::WhereClause<diesel::expression::grouped::Grouped<diesel::expression::operators::Eq<posts::columns::id, diesel::internal::derives::as_expression::Bound<diesel::sql_types::Integer, i32>>>>>: IntoUpdateTarget` is not satisfied
  --> tests/fail/update_requires_valid_where_clause.rs:21:5
   |
21 |     update(users::table.filter(posts::id.eq(1)));
   |     ^^^^^^ the trait `IntoUpdateTarget` is not implemented for `SelectStatement<FromClause<users::table>, diesel::query_builder::select_clause::DefaultSelectClause<FromClause<users::table>>, diesel::query_builder::distinct_clause::NoDistinctClause, diesel::query_builder::where_clause::WhereClause<diesel::expression::grouped::Grouped<diesel::expression::operators::Eq<posts::columns::id, diesel::internal::derives::as_expression::Bound<diesel::sql_types::Integer, i32>>>>>`
   |
   = help: the following implementations were found:
             <SelectStatement<FromClause<F>, diesel::query_builder::select_clause::DefaultSelectClause<FromClause<F>>, diesel::query_builder::distinct_clause::NoDistinctClause, W> as IntoUpdateTarget>
