error[E0271]: type mismatch resolving `<foo::foo<diesel::internal::derives::as_expression::Bound<diesel::sql_types::Integer, i32>> as diesel::Expression>::SqlType == diesel::sql_types::Text`
  --> tests/fail/user_defined_functions_follow_same_selection_rules.rs:35:38
   |
35 |     let _ = users::table.filter(name.eq(foo(1)));
   |                                      ^^ expected struct `diesel::sql_types::Integer`, found struct `diesel::sql_types::Text`
   |
   = note: required because of the requirements on the impl of `AsExpression<diesel::sql_types::Text>` for `foo::foo<diesel::internal::derives::as_expression::Bound<diesel::sql_types::Integer, i32>>`

error[E0277]: the trait bound `users::table: AppearsInFromClause<posts::table>` is not satisfied
  --> tests/fail/user_defined_functions_follow_same_selection_rules.rs:38:10
   |
38 |         .load::<User>(&mut conn);
   |          ^^^^ the trait `AppearsInFromClause<posts::table>` is not implemented for `users::table`
   |
   = help: the following implementations were found:
             <users::table as AppearsInFromClause<users::table>>
   = note: required because of the requirements on the impl of `AppearsOnTable<users::table>` for `posts::columns::title`
   = note: 3 redundant requirements hidden
   = note: required because of the requirements on the impl of `AppearsOnTable<users::table>` for `diesel::expression::grouped::Grouped<diesel::expression::operators::Eq<users::columns::name, bar::bar<posts::columns::title>>>`
   = note: required because of the requirements on the impl of `diesel::query_builder::where_clause::ValidWhereClause<FromClause<users::table>>` for `diesel::query_builder::where_clause::WhereClause<diesel::expression::grouped::Grouped<diesel::expression::operators::Eq<users::columns::name, bar::bar<posts::columns::title>>>>`
   = note: required because of the requirements on the impl of `Query` for `SelectStatement<FromClause<users::table>, diesel::query_builder::select_clause::DefaultSelectClause<FromClause<users::table>>, diesel::query_builder::distinct_clause::NoDistinctClause, diesel::query_builder::where_clause::WhereClause<diesel::expression::grouped::Grouped<diesel::expression::operators::Eq<users::columns::name, bar::bar<posts::columns::title>>>>>`
   = note: required because of the requirements on the impl of `LoadQuery<'_, _, User>` for `SelectStatement<FromClause<users::table>, diesel::query_builder::select_clause::DefaultSelectClause<FromClause<users::table>>, diesel::query_builder::distinct_clause::NoDistinctClause, diesel::query_builder::where_clause::WhereClause<diesel::expression::grouped::Grouped<diesel::expression::operators::Eq<users::columns::name, bar::bar<posts::columns::title>>>>>`
